$ bun run fmt:check && bun run lint && bun run check && bun run test:coverage && bun run audit && bun run test && bun run build && playwright test
$ oxfmt . --check
Checking formatting...

All matched files use the correct format.
Finished in 1180ms on 35 files using 8 threads.
$ oxlint . --vue-plugin
$ nuxt typecheck
$ bun test --coverage --coverage-reporter=text tests/unit
bun test v1.3.14 (0d9b296a)
-------------------|---------|---------|-------------------
File               | % Funcs | % Lines | Uncovered Line #s
-------------------|---------|---------|-------------------
All files          |  100.00 |  100.00 |
 app/data/tools.ts |  100.00 |  100.00 | 
-------------------|---------|---------|-------------------

 2 pass
 0 fail
 5 expect() calls
Ran 2 tests across 1 file. [9.00ms]
$ bun audit
[0m[1mbun audit [0m[2mv1.3.14 (0d9b296a)[0m
No vulnerabilities found
$ bun test tests/unit
bun test v1.3.14 (0d9b296a)

 2 pass
 0 fail
 5 expect() calls
Ran 2 tests across 1 file. [10.00ms]
$ nuxt build
┌  Building Nuxt for production...
│
●  Nuxt 4.5.2 (with Nitro 2.13.4, Vite 8.3.1 and Vue 3.5.43)
│
●  Nitro preset: node-server
ℹ Building client...
ℹ vite v8.3.1 building client environment for production...
transforming...
✓ 248 modules transformed.
rendering chunks...
computing gzip size...
ℹ node_modules/.cache/nuxt/.nuxt/dist/client/manifest.json                   5.25 kB │ gzip:  0.90 kB
node_modules/.cache/nuxt/.nuxt/dist/client/_nuxt/error-500.Bwd7zAaE.css    1.90 kB │ gzip:  0.72 kB
node_modules/.cache/nuxt/.nuxt/dist/client/_nuxt/error-404.Bb87HomL.css    2.42 kB │ gzip:  0.85 kB
node_modules/.cache/nuxt/.nuxt/dist/client/_nuxt/entry.BieM5d5a.css       27.54 kB │ gzip:  6.16 kB
node_modules/.cache/nuxt/.nuxt/dist/client/_nuxt/BDNMzG2s.js               0.08 kB │ gzip:  0.09 kB
node_modules/.cache/nuxt/.nuxt/dist/client/_nuxt/DK3Fl9T5.js               0.15 kB │ gzip:  0.15 kB
node_modules/.cache/nuxt/.nuxt/dist/client/_nuxt/CYbHdpYr.js               0.97 kB │ gzip:  0.49 kB
node_modules/.cache/nuxt/.nuxt/dist/client/_nuxt/C_CTKFP-.js               1.08 kB │ gzip:  0.64 kB
node_modules/.cache/nuxt/.nuxt/dist/client/_nuxt/BuIw0xL1.js               1.10 kB │ gzip:  0.52 kB
node_modules/.cache/nuxt/.nuxt/dist/client/_nuxt/D9yuyaTr.js               1.31 kB │ gzip:  0.72 kB
node_modules/.cache/nuxt/.nuxt/dist/client/_nuxt/BL-U3kqj.js               1.35 kB │ gzip:  0.67 kB
node_modules/.cache/nuxt/.nuxt/dist/client/_nuxt/BKRQ435k.js               1.67 kB │ gzip:  0.82 kB
node_modules/.cache/nuxt/.nuxt/dist/client/_nuxt/DH5Q5QeH.js               3.40 kB │ gzip:  1.54 kB
node_modules/.cache/nuxt/.nuxt/dist/client/_nuxt/CR8KMlNS.js               3.72 kB │ gzip:  1.69 kB
node_modules/.cache/nuxt/.nuxt/dist/client/_nuxt/B01rt2PK.js               3.83 kB │ gzip:  1.52 kB
node_modules/.cache/nuxt/.nuxt/dist/client/_nuxt/CMS9k8mm.js               4.72 kB │ gzip:  1.98 kB
node_modules/.cache/nuxt/.nuxt/dist/client/_nuxt/D2xLlN0L.js               5.57 kB │ gzip:  2.20 kB
node_modules/.cache/nuxt/.nuxt/dist/client/_nuxt/Bd17z0YL.js               5.65 kB │ gzip:  2.20 kB
node_modules/.cache/nuxt/.nuxt/dist/client/_nuxt/IVa0rZqa.js               7.51 kB │ gzip:  2.18 kB
node_modules/.cache/nuxt/.nuxt/dist/client/_nuxt/CQZ_RluD.js              13.88 kB │ gzip:  4.09 kB
node_modules/.cache/nuxt/.nuxt/dist/client/_nuxt/BcWzkA4I.js              15.36 kB │ gzip:  4.83 kB
node_modules/.cache/nuxt/.nuxt/dist/client/_nuxt/DaruDZxb.js              33.93 kB │ gzip: 10.34 kB
node_modules/.cache/nuxt/.nuxt/dist/client/_nuxt/BUwZHLfe.js              35.97 kB │ gzip:  6.36 kB
node_modules/.cache/nuxt/.nuxt/dist/client/_nuxt/Dv5QGkHI.js              78.43 kB │ gzip: 30.44 kB
node_modules/.cache/nuxt/.nuxt/dist/client/_nuxt/BX2j0pR_.js             174.86 kB │ gzip: 55.46 kB

ℹ ✓ built in 642ms
✔ Client built in 664ms
ℹ Building server...
ℹ vite v8.3.1 building ssr environment for production...
transforming...
✓ 137 modules transformed.
rendering chunks...
ℹ node_modules/.cache/nuxt/.nuxt/dist/server/_nuxt/error-404-styles.CbLQIMfl.mjs            0.08 kB
node_modules/.cache/nuxt/.nuxt/dist/server/_nuxt/error-500-styles.CB5z51D_.mjs            0.08 kB
node_modules/.cache/nuxt/.nuxt/dist/server/styles.mjs                                     0.33 kB
node_modules/.cache/nuxt/.nuxt/dist/server/_nuxt/_plugin-vue_export-helper-BOaGB7Aw.js    0.26 kB
node_modules/.cache/nuxt/.nuxt/dist/server/_nuxt/rolldown-runtime-D7D4PA-g.js             0.36 kB
node_modules/.cache/nuxt/.nuxt/dist/server/_nuxt/use-tool-library-DBMOAnEm.js             1.24 kB │ map:   2.94 kB
node_modules/.cache/nuxt/.nuxt/dist/server/_nuxt/tools-Bn8omhlV.js                        1.36 kB │ map:   2.45 kB
node_modules/.cache/nuxt/.nuxt/dist/server/_nuxt/error-500-styles-1.mjs-DmnddYjN.js       2.30 kB │ map:   5.12 kB
node_modules/.cache/nuxt/.nuxt/dist/server/_nuxt/offline-CbDOXXTJ.js                      2.56 kB │ map:   3.06 kB
node_modules/.cache/nuxt/.nuxt/dist/server/_nuxt/error-404-styles-1.mjs-C-j5XbVV.js       2.83 kB │ map:   5.77 kB
node_modules/.cache/nuxt/.nuxt/dist/server/_nuxt/ToolCard-CZ8eCEAn.js                     2.87 kB │ map:   4.19 kB
node_modules/.cache/nuxt/.nuxt/dist/server/_nuxt/_slug_-DyVKrPn6.js                       3.13 kB │ map:   3.73 kB
node_modules/.cache/nuxt/.nuxt/dist/server/_nuxt/default-CMiqsVQu.js                      3.40 kB │ map:   6.08 kB
node_modules/.cache/nuxt/.nuxt/dist/server/_nuxt/error-500-BR0p08vj.js                    4.37 kB │ map:   5.53 kB
node_modules/.cache/nuxt/.nuxt/dist/server/_nuxt/error-404-DlkdkDKT.js                    5.08 kB │ map:   6.43 kB
node_modules/.cache/nuxt/.nuxt/dist/server/_nuxt/pages-CM2Ij1b6.js                        7.50 kB │ map:  16.19 kB
node_modules/.cache/nuxt/.nuxt/dist/server/_nuxt/tools-BVWysP88.js                        7.94 kB │ map:  16.58 kB
node_modules/.cache/nuxt/.nuxt/dist/server/_nuxt/nuxt-link-Cx7o3-pK.js                    9.28 kB │ map:  21.37 kB
node_modules/.cache/nuxt/.nuxt/dist/server/_nuxt/AppFooter-6zfe6cMM.js                    9.45 kB │ map:  11.55 kB
node_modules/.cache/nuxt/.nuxt/dist/server/_nuxt/inputtext-DxzYUR0x.js                    9.93 kB │ map:  17.14 kB
node_modules/.cache/nuxt/.nuxt/dist/server/_nuxt/base-CPw4RRrE.js                        14.11 kB │ map:  25.50 kB
node_modules/.cache/nuxt/.nuxt/dist/server/_nuxt/drawer-DNd23jN9.js                      17.47 kB │ map:  30.29 kB
node_modules/.cache/nuxt/.nuxt/dist/server/_nuxt/button-OYh34yf-.js                      19.66 kB │ map:  34.39 kB
node_modules/.cache/nuxt/.nuxt/dist/server/_nuxt/basecomponent-CY16D3Zu.js               27.34 kB │ map:  49.18 kB
node_modules/.cache/nuxt/.nuxt/dist/server/server.mjs                                   151.98 kB │ map: 377.80 kB

ℹ ✓ built in 272ms
✔ Server built in 281ms
[nitro] ✔ Generated public .output/public

PWA v1.3.0
mode      generateSW
precache  33 entries (472.09 KiB)
files generated
  ../.output/public/sw.js
  ../.output/public/workbox-051dea9f.js
[nitro] ℹ Building Nuxt Nitro server (preset: node-server, compatibility date: 2025-07-15)
[nitro] ✔ Nuxt Nitro server built
  ├─ .output/server/chunks/_/error-500.mjs (5.05 kB) (2.07 kB gzip)
  ├─ .output/server/chunks/_/error-500.mjs.map (182 B) (154 B gzip)
  ├─ .output/server/chunks/build/_plugin-vue_export-helper-BOaGB7Aw.mjs (320 B) (227 B gzip)
  ├─ .output/server/chunks/build/_plugin-vue_export-helper-BOaGB7Aw.mjs.map (225 B) (172 B gzip)
  ├─ .output/server/chunks/build/_slug_-DyVKrPn6.mjs (4.26 kB) (1.59 kB gzip)
  ├─ .output/server/chunks/build/_slug_-DyVKrPn6.mjs.map (1.26 kB) (519 B gzip)
  ├─ .output/server/chunks/build/AppFooter-6zfe6cMM.mjs (9.44 kB) (2.33 kB gzip)
  ├─ .output/server/chunks/build/AppFooter-6zfe6cMM.mjs.map (450 B) (259 B gzip)
  ├─ .output/server/chunks/build/basecomponent-CY16D3Zu.mjs (27.7 kB) (6.33 kB gzip)
  ├─ .output/server/chunks/build/basecomponent-CY16D3Zu.mjs.map (342 B) (223 B gzip)
  ├─ .output/server/chunks/build/button-OYh34yf-.mjs (20.5 kB) (5.36 kB gzip)
  ├─ .output/server/chunks/build/button-OYh34yf-.mjs.map (701 B) (297 B gzip)
  ├─ .output/server/chunks/build/default-CMiqsVQu.mjs (4.36 kB) (1.45 kB gzip)
  ├─ .output/server/chunks/build/default-CMiqsVQu.mjs.map (303 B) (224 B gzip)
  ├─ .output/server/chunks/build/drawer-DNd23jN9.mjs (18.3 kB) (5.47 kB gzip)
  ├─ .output/server/chunks/build/drawer-DNd23jN9.mjs.map (463 B) (232 B gzip)
  ├─ .output/server/chunks/build/error-404-DlkdkDKT.mjs (6.04 kB) (2.41 kB gzip)
  ├─ .output/server/chunks/build/error-404-DlkdkDKT.mjs.map (282 B) (226 B gzip)
  ├─ .output/server/chunks/build/error-404-styles.CbLQIMfl.mjs (2.88 kB) (1.07 kB gzip)
  ├─ .output/server/chunks/build/error-404-styles.CbLQIMfl.mjs.map (217 B) (168 B gzip)
  ├─ .output/server/chunks/build/error-500-BR0p08vj.mjs (5.33 kB) (2.15 kB gzip)
  ├─ .output/server/chunks/build/error-500-BR0p08vj.mjs.map (233 B) (192 B gzip)
  ├─ .output/server/chunks/build/error-500-styles.CB5z51D_.mjs (2.35 kB) (949 B gzip)
  ├─ .output/server/chunks/build/error-500-styles.CB5z51D_.mjs.map (217 B) (167 B gzip)
  ├─ .output/server/chunks/build/inputtext-DxzYUR0x.mjs (10.8 kB) (2.89 kB gzip)
  ├─ .output/server/chunks/build/inputtext-DxzYUR0x.mjs.map (422 B) (221 B gzip)
  ├─ .output/server/chunks/build/nuxt-link-Cx7o3-pK.mjs (9.26 kB) (2.78 kB gzip)
  ├─ .output/server/chunks/build/nuxt-link-Cx7o3-pK.mjs.map (173 B) (153 B gzip)
  ├─ .output/server/chunks/build/offline-CbDOXXTJ.mjs (3.7 kB) (1.38 kB gzip)
  ├─ .output/server/chunks/build/offline-CbDOXXTJ.mjs.map (641 B) (311 B gzip)
  ├─ .output/server/chunks/build/pages-CM2Ij1b6.mjs (8.67 kB) (2.86 kB gzip)
  ├─ .output/server/chunks/build/pages-CM2Ij1b6.mjs.map (1.92 kB) (699 B gzip)
  ├─ .output/server/chunks/build/ToolCard-CZ8eCEAn.mjs (2.87 kB) (1.15 kB gzip)
  ├─ .output/server/chunks/build/ToolCard-CZ8eCEAn.mjs.map (1.53 kB) (552 B gzip)
  ├─ .output/server/chunks/build/tools-Bn8omhlV.mjs (1.36 kB) (613 B gzip)
  ├─ .output/server/chunks/build/tools-Bn8omhlV.mjs.map (1.21 kB) (385 B gzip)
  ├─ .output/server/chunks/build/tools-BVWysP88.mjs (9.08 kB) (2.88 kB gzip)
  ├─ .output/server/chunks/build/tools-BVWysP88.mjs.map (4.23 kB) (1.25 kB gzip)
  ├─ .output/server/chunks/build/use-tool-library-DBMOAnEm.mjs (1.24 kB) (518 B gzip)
  ├─ .output/server/chunks/build/use-tool-library-DBMOAnEm.mjs.map (1.29 kB) (481 B gzip)
  ├─ .output/server/chunks/nitro/nitro.mjs (404 kB) (61.2 kB gzip)
  ├─ .output/server/chunks/nitro/nitro.mjs.map (3.97 kB) (928 B gzip)
  ├─ .output/server/chunks/routes/renderer.mjs (19.3 kB) (6.49 kB gzip)
  ├─ .output/server/chunks/routes/renderer.mjs.map (1.07 kB) (317 B gzip)
  ├─ .output/server/chunks/virtual/_virtual_spa-template.mjs (94 B) (100 B gzip)
  ├─ .output/server/chunks/virtual/_virtual_spa-template.mjs.map (88 B) (97 B gzip)
  ├─ .output/server/chunks/virtual/entry.mjs (177 kB) (38.3 kB gzip)
  ├─ .output/server/chunks/virtual/entry.mjs.map (6.64 kB) (1.64 kB gzip)
  ├─ .output/server/chunks/virtual/precomputed.mjs (12.3 kB) (1.56 kB gzip)
  ├─ .output/server/chunks/virtual/precomputed.mjs.map (181 B) (150 B gzip)
  ├─ .output/server/chunks/virtual/styles.mjs (410 B) (247 B gzip)
  ├─ .output/server/chunks/virtual/styles.mjs.map (164 B) (142 B gzip)
  ├─ .output/server/index.mjs (635 B) (273 B gzip)
  └─ .output/server/package.json (871 B) (369 B gzip)
Σ Total size: 2.71 MB (645 kB gzip)
[nitro] ✔ You can preview this build using node .output/server/index.mjs
│
└  ✨ Build complete!

Running 8 tests using 4 workers

  ✓  1 [chromium] › tests/e2e/shell.spec.ts:10:2 › Phase 0 shell › home search filters the launcher collection (947ms)
  ✓  5 [chromium] › tests/e2e/shell.spec.ts:21:2 › Phase 0 shell › tools route supports categories and a real empty state (1.1s)
  ✓  6 [chromium] › tests/e2e/shell.spec.ts:34:2 › Phase 0 shell › favorites and theme state persist in the browser (1.6s)
  ✓  4 [chromium] › tests/e2e/pwa.spec.ts:3:1 › registers the service worker and serves the cached shell offline (3.3s)
  ✓  2 [chromium] › tests/e2e/accessibility.spec.ts:5:2 › /tools has no serious axe violations (3.7s)
  ✓  3 [chromium] › tests/e2e/accessibility.spec.ts:5:2 › / has no serious axe violations (4.5s)
  ✓  8 [chromium] › tests/e2e/shell.spec.ts:60:2 › Phase 0 shell › responsive layouts stay within the viewport (1.1s)
  ✓  7 [chromium] › tests/e2e/shell.spec.ts:50:3 › Phase 0 shell › mobile navigation › opens the drawer and reaches the collection (1.5s)

  8 passed (6.6s)
